// Jest Snapshot v1, https://goo.gl/fbAQLP

exports[`calculations should have initial state 1`] = `
Object {
  "afterTotal": 835042,
  "dividends": Object {
    "afterDividendsTax": 0,
    "dividends": 0,
    "dividendsTax": 0,
    "surplus": 0,
    "surplusTax": 0,
    "upwardsAdjustment": 0,
  },
  "salary": Object {
    "companyIncome": 1712700,
    "employerFee": 211648,
    "income": 1318912,
    "pension": 21313,
    "surplus": 0,
    "theCut": 190300,
    "totalCuts": 584088,
    "turnover": 1903000,
    "vacationSavings": 160827,
    "withoutEmployerFee": 1501052,
    "withoutPension": 1318912,
    "withoutSurplus": 1712700,
    "withoutVacationSavings": 1340225,
  },
  "tax": Object {
    "afterTax": 835042,
    "commonIncome": 1161562,
    "income": 1318912,
    "incomeTax": 255543,
    "minimumDeduction": 100800,
    "personalAllowance": 56550,
    "socialSecurityDeduction": 108150,
    "step1": 1351,
    "step2": 15617,
    "step3": 45843,
    "step4": 57366,
    "totalTax": 483870,
  },
}
`;
