// Jest Snapshot v1, https://goo.gl/fbAQLP

exports[`optimal-surplus should return calculations for a range of different surplus 1`] = `
Array [
  Object {
    "dividends": 0,
    "grossIncome": 1318912,
    "netIncome": 829516,
    "salaryAboveSevenG": true,
    "salaryBasis": 1712700,
    "surplus": 0,
    "total": 829516,
  },
  Object {
    "dividends": 5345,
    "grossIncome": 1311087,
    "netIncome": 825336,
    "salaryAboveSevenG": true,
    "salaryBasis": 1702700,
    "surplus": 10000,
    "total": 830681,
  },
  Object {
    "dividends": 10690,
    "grossIncome": 1303262,
    "netIncome": 821158,
    "salaryAboveSevenG": true,
    "salaryBasis": 1692700,
    "surplus": 20000,
    "total": 831848,
  },
  Object {
    "dividends": 16034,
    "grossIncome": 1295437,
    "netIncome": 816980,
    "salaryAboveSevenG": true,
    "salaryBasis": 1682700,
    "surplus": 30000,
    "total": 833014,
  },
  Object {
    "dividends": 21379,
    "grossIncome": 1287612,
    "netIncome": 812801,
    "salaryAboveSevenG": true,
    "salaryBasis": 1672700,
    "surplus": 40000,
    "total": 834180,
  },
  Object {
    "dividends": 26723,
    "grossIncome": 1279787,
    "netIncome": 808622,
    "salaryAboveSevenG": true,
    "salaryBasis": 1662700,
    "surplus": 50000,
    "total": 835345,
  },
  Object {
    "dividends": 32068,
    "grossIncome": 1271962,
    "netIncome": 804444,
    "salaryAboveSevenG": true,
    "salaryBasis": 1652700,
    "surplus": 60000,
    "total": 836512,
  },
  Object {
    "dividends": 37412,
    "grossIncome": 1264137,
    "netIncome": 800265,
    "salaryAboveSevenG": true,
    "salaryBasis": 1642700,
    "surplus": 70000,
    "total": 837677,
  },
  Object {
    "dividends": 42757,
    "grossIncome": 1256311,
    "netIncome": 796086,
    "salaryAboveSevenG": true,
    "salaryBasis": 1632700,
    "surplus": 80000,
    "total": 838843,
  },
  Object {
    "dividends": 48102,
    "grossIncome": 1248486,
    "netIncome": 791908,
    "salaryAboveSevenG": true,
    "salaryBasis": 1622700,
    "surplus": 90000,
    "total": 840010,
  },
  Object {
    "dividends": 53446,
    "grossIncome": 1240661,
    "netIncome": 787728,
    "salaryAboveSevenG": true,
    "salaryBasis": 1612700,
    "surplus": 100000,
    "total": 841174,
  },
  Object {
    "dividends": 58791,
    "grossIncome": 1232836,
    "netIncome": 783550,
    "salaryAboveSevenG": true,
    "salaryBasis": 1602700,
    "surplus": 110000,
    "total": 842341,
  },
  Object {
    "dividends": 64135,
    "grossIncome": 1225010,
    "netIncome": 779372,
    "salaryAboveSevenG": true,
    "salaryBasis": 1592700,
    "surplus": 120000,
    "total": 843507,
  },
  Object {
    "dividends": 69480,
    "grossIncome": 1217185,
    "netIncome": 775193,
    "salaryAboveSevenG": true,
    "salaryBasis": 1582700,
    "surplus": 130000,
    "total": 844673,
  },
  Object {
    "dividends": 74824,
    "grossIncome": 1209360,
    "netIncome": 771014,
    "salaryAboveSevenG": true,
    "salaryBasis": 1572700,
    "surplus": 140000,
    "total": 845838,
  },
  Object {
    "dividends": 80169,
    "grossIncome": 1201535,
    "netIncome": 766836,
    "salaryAboveSevenG": true,
    "salaryBasis": 1562700,
    "surplus": 150000,
    "total": 847005,
  },
  Object {
    "dividends": 85514,
    "grossIncome": 1193709,
    "netIncome": 762656,
    "salaryAboveSevenG": true,
    "salaryBasis": 1552700,
    "surplus": 160000,
    "total": 848170,
  },
  Object {
    "dividends": 90858,
    "grossIncome": 1185884,
    "netIncome": 758478,
    "salaryAboveSevenG": true,
    "salaryBasis": 1542700,
    "surplus": 170000,
    "total": 849336,
  },
  Object {
    "dividends": 96203,
    "grossIncome": 1178059,
    "netIncome": 754300,
    "salaryAboveSevenG": true,
    "salaryBasis": 1532700,
    "surplus": 180000,
    "total": 850503,
  },
  Object {
    "dividends": 101547,
    "grossIncome": 1170234,
    "netIncome": 750120,
    "salaryAboveSevenG": true,
    "salaryBasis": 1522700,
    "surplus": 190000,
    "total": 851667,
  },
  Object {
    "dividends": 106892,
    "grossIncome": 1162408,
    "netIncome": 745941,
    "salaryAboveSevenG": true,
    "salaryBasis": 1512700,
    "surplus": 200000,
    "total": 852833,
  },
  Object {
    "dividends": 112236,
    "grossIncome": 1154583,
    "netIncome": 741763,
    "salaryAboveSevenG": true,
    "salaryBasis": 1502700,
    "surplus": 210000,
    "total": 853999,
  },
  Object {
    "dividends": 117581,
    "grossIncome": 1146758,
    "netIncome": 737584,
    "salaryAboveSevenG": true,
    "salaryBasis": 1492700,
    "surplus": 220000,
    "total": 855165,
  },
  Object {
    "dividends": 122926,
    "grossIncome": 1138980,
    "netIncome": 733431,
    "salaryAboveSevenG": true,
    "salaryBasis": 1482700,
    "surplus": 230000,
    "total": 856357,
  },
  Object {
    "dividends": 128270,
    "grossIncome": 1131310,
    "netIncome": 729335,
    "salaryAboveSevenG": true,
    "salaryBasis": 1472700,
    "surplus": 240000,
    "total": 857605,
  },
  Object {
    "dividends": 133615,
    "grossIncome": 1123642,
    "netIncome": 725241,
    "salaryAboveSevenG": true,
    "salaryBasis": 1462700,
    "surplus": 250000,
    "total": 858856,
  },
  Object {
    "dividends": 138959,
    "grossIncome": 1115973,
    "netIncome": 721146,
    "salaryAboveSevenG": true,
    "salaryBasis": 1452700,
    "surplus": 260000,
    "total": 860105,
  },
  Object {
    "dividends": 144304,
    "grossIncome": 1108305,
    "netIncome": 717050,
    "salaryAboveSevenG": true,
    "salaryBasis": 1442700,
    "surplus": 270000,
    "total": 861354,
  },
  Object {
    "dividends": 149648,
    "grossIncome": 1100635,
    "netIncome": 712954,
    "salaryAboveSevenG": true,
    "salaryBasis": 1432700,
    "surplus": 280000,
    "total": 862602,
  },
  Object {
    "dividends": 154993,
    "grossIncome": 1092967,
    "netIncome": 708860,
    "salaryAboveSevenG": true,
    "salaryBasis": 1422700,
    "surplus": 290000,
    "total": 863853,
  },
  Object {
    "dividends": 160338,
    "grossIncome": 1085298,
    "netIncome": 704765,
    "salaryAboveSevenG": true,
    "salaryBasis": 1412700,
    "surplus": 300000,
    "total": 865103,
  },
  Object {
    "dividends": 165682,
    "grossIncome": 1077630,
    "netIncome": 700670,
    "salaryAboveSevenG": true,
    "salaryBasis": 1402700,
    "surplus": 310000,
    "total": 866352,
  },
  Object {
    "dividends": 171027,
    "grossIncome": 1069961,
    "netIncome": 696575,
    "salaryAboveSevenG": true,
    "salaryBasis": 1392700,
    "surplus": 320000,
    "total": 867602,
  },
  Object {
    "dividends": 176371,
    "grossIncome": 1062292,
    "netIncome": 692480,
    "salaryAboveSevenG": true,
    "salaryBasis": 1382700,
    "surplus": 330000,
    "total": 868851,
  },
  Object {
    "dividends": 181716,
    "grossIncome": 1054624,
    "netIncome": 688385,
    "salaryAboveSevenG": true,
    "salaryBasis": 1372700,
    "surplus": 340000,
    "total": 870101,
  },
  Object {
    "dividends": 187060,
    "grossIncome": 1046955,
    "netIncome": 684290,
    "salaryAboveSevenG": true,
    "salaryBasis": 1362700,
    "surplus": 350000,
    "total": 871350,
  },
  Object {
    "dividends": 192405,
    "grossIncome": 1039287,
    "netIncome": 680195,
    "salaryAboveSevenG": true,
    "salaryBasis": 1352700,
    "surplus": 360000,
    "total": 872600,
  },
  Object {
    "dividends": 197750,
    "grossIncome": 1031617,
    "netIncome": 676099,
    "salaryAboveSevenG": true,
    "salaryBasis": 1342700,
    "surplus": 370000,
    "total": 873849,
  },
  Object {
    "dividends": 203094,
    "grossIncome": 1023949,
    "netIncome": 672005,
    "salaryAboveSevenG": true,
    "salaryBasis": 1332700,
    "surplus": 380000,
    "total": 875099,
  },
  Object {
    "dividends": 208439,
    "grossIncome": 1016280,
    "netIncome": 667910,
    "salaryAboveSevenG": true,
    "salaryBasis": 1322700,
    "surplus": 390000,
    "total": 876349,
  },
  Object {
    "dividends": 213783,
    "grossIncome": 1008612,
    "netIncome": 663815,
    "salaryAboveSevenG": true,
    "salaryBasis": 1312700,
    "surplus": 400000,
    "total": 877598,
  },
  Object {
    "dividends": 219128,
    "grossIncome": 1000943,
    "netIncome": 659719,
    "salaryAboveSevenG": true,
    "salaryBasis": 1302700,
    "surplus": 410000,
    "total": 878847,
  },
  Object {
    "dividends": 224472,
    "grossIncome": 993275,
    "netIncome": 655625,
    "salaryAboveSevenG": true,
    "salaryBasis": 1292700,
    "surplus": 420000,
    "total": 880097,
  },
  Object {
    "dividends": 229817,
    "grossIncome": 985606,
    "netIncome": 651530,
    "salaryAboveSevenG": true,
    "salaryBasis": 1282700,
    "surplus": 430000,
    "total": 881347,
  },
  Object {
    "dividends": 235162,
    "grossIncome": 977938,
    "netIncome": 647436,
    "salaryAboveSevenG": true,
    "salaryBasis": 1272700,
    "surplus": 440000,
    "total": 882598,
  },
  Object {
    "dividends": 240506,
    "grossIncome": 970268,
    "netIncome": 643340,
    "salaryAboveSevenG": true,
    "salaryBasis": 1262700,
    "surplus": 450000,
    "total": 883846,
  },
  Object {
    "dividends": 245851,
    "grossIncome": 962600,
    "netIncome": 639244,
    "salaryAboveSevenG": true,
    "salaryBasis": 1252700,
    "surplus": 460000,
    "total": 885095,
  },
  Object {
    "dividends": 251195,
    "grossIncome": 954931,
    "netIncome": 634935,
    "salaryAboveSevenG": true,
    "salaryBasis": 1242700,
    "surplus": 470000,
    "total": 886130,
  },
  Object {
    "dividends": 256540,
    "grossIncome": 947263,
    "netIncome": 630611,
    "salaryAboveSevenG": true,
    "salaryBasis": 1232700,
    "surplus": 480000,
    "total": 887151,
  },
  Object {
    "dividends": 261884,
    "grossIncome": 939593,
    "netIncome": 626285,
    "salaryAboveSevenG": true,
    "salaryBasis": 1222700,
    "surplus": 490000,
    "total": 888169,
  },
  Object {
    "dividends": 267229,
    "grossIncome": 931925,
    "netIncome": 621961,
    "salaryAboveSevenG": true,
    "salaryBasis": 1212700,
    "surplus": 500000,
    "total": 889190,
  },
  Object {
    "dividends": 272574,
    "grossIncome": 924256,
    "netIncome": 617635,
    "salaryAboveSevenG": true,
    "salaryBasis": 1202700,
    "surplus": 510000,
    "total": 890209,
  },
  Object {
    "dividends": 277918,
    "grossIncome": 916588,
    "netIncome": 613310,
    "salaryAboveSevenG": true,
    "salaryBasis": 1192700,
    "surplus": 520000,
    "total": 891228,
  },
  Object {
    "dividends": 283263,
    "grossIncome": 908918,
    "netIncome": 608984,
    "salaryAboveSevenG": true,
    "salaryBasis": 1182700,
    "surplus": 530000,
    "total": 892247,
  },
  Object {
    "dividends": 288607,
    "grossIncome": 901250,
    "netIncome": 604660,
    "salaryAboveSevenG": true,
    "salaryBasis": 1172700,
    "surplus": 540000,
    "total": 893267,
  },
  Object {
    "dividends": 293952,
    "grossIncome": 893581,
    "netIncome": 600335,
    "salaryAboveSevenG": true,
    "salaryBasis": 1162700,
    "surplus": 550000,
    "total": 894287,
  },
  Object {
    "dividends": 299296,
    "grossIncome": 885913,
    "netIncome": 596009,
    "salaryAboveSevenG": true,
    "salaryBasis": 1152700,
    "surplus": 560000,
    "total": 895305,
  },
  Object {
    "dividends": 304641,
    "grossIncome": 878243,
    "netIncome": 591684,
    "salaryAboveSevenG": true,
    "salaryBasis": 1142700,
    "surplus": 570000,
    "total": 896325,
  },
  Object {
    "dividends": 309986,
    "grossIncome": 870575,
    "netIncome": 587358,
    "salaryAboveSevenG": true,
    "salaryBasis": 1132700,
    "surplus": 580000,
    "total": 897344,
  },
  Object {
    "dividends": 315330,
    "grossIncome": 862906,
    "netIncome": 583033,
    "salaryAboveSevenG": true,
    "salaryBasis": 1122700,
    "surplus": 590000,
    "total": 898363,
  },
  Object {
    "dividends": 320675,
    "grossIncome": 855238,
    "netIncome": 578709,
    "salaryAboveSevenG": true,
    "salaryBasis": 1112700,
    "surplus": 600000,
    "total": 899384,
  },
  Object {
    "dividends": 326019,
    "grossIncome": 847568,
    "netIncome": 574383,
    "salaryAboveSevenG": true,
    "salaryBasis": 1102700,
    "surplus": 610000,
    "total": 900402,
  },
  Object {
    "dividends": 331364,
    "grossIncome": 839900,
    "netIncome": 570058,
    "salaryAboveSevenG": true,
    "salaryBasis": 1092700,
    "surplus": 620000,
    "total": 901422,
  },
  Object {
    "dividends": 336708,
    "grossIncome": 832231,
    "netIncome": 565733,
    "salaryAboveSevenG": true,
    "salaryBasis": 1082700,
    "surplus": 630000,
    "total": 902441,
  },
  Object {
    "dividends": 342053,
    "grossIncome": 824563,
    "netIncome": 561408,
    "salaryAboveSevenG": true,
    "salaryBasis": 1072700,
    "surplus": 640000,
    "total": 903461,
  },
  Object {
    "dividends": 347398,
    "grossIncome": 816893,
    "netIncome": 557082,
    "salaryAboveSevenG": true,
    "salaryBasis": 1062700,
    "surplus": 650000,
    "total": 904480,
  },
  Object {
    "dividends": 352742,
    "grossIncome": 809225,
    "netIncome": 552758,
    "salaryAboveSevenG": true,
    "salaryBasis": 1052700,
    "surplus": 660000,
    "total": 905500,
  },
  Object {
    "dividends": 358087,
    "grossIncome": 801556,
    "netIncome": 548432,
    "salaryAboveSevenG": true,
    "salaryBasis": 1042700,
    "surplus": 670000,
    "total": 906519,
  },
  Object {
    "dividends": 363431,
    "grossIncome": 793888,
    "netIncome": 544108,
    "salaryAboveSevenG": true,
    "salaryBasis": 1032700,
    "surplus": 680000,
    "total": 907539,
  },
  Object {
    "dividends": 368776,
    "grossIncome": 786219,
    "netIncome": 539783,
    "salaryAboveSevenG": true,
    "salaryBasis": 1022700,
    "surplus": 690000,
    "total": 908559,
  },
  Object {
    "dividends": 374120,
    "grossIncome": 778550,
    "netIncome": 535456,
    "salaryAboveSevenG": true,
    "salaryBasis": 1012700,
    "surplus": 700000,
    "total": 909576,
  },
  Object {
    "dividends": 379465,
    "grossIncome": 770881,
    "netIncome": 531131,
    "salaryAboveSevenG": true,
    "salaryBasis": 1002700,
    "surplus": 710000,
    "total": 910596,
  },
  Object {
    "dividends": 384810,
    "grossIncome": 763213,
    "netIncome": 526806,
    "salaryAboveSevenG": true,
    "salaryBasis": 992700,
    "surplus": 720000,
    "total": 911616,
  },
  Object {
    "dividends": 390154,
    "grossIncome": 755544,
    "netIncome": 522481,
    "salaryAboveSevenG": true,
    "salaryBasis": 982700,
    "surplus": 730000,
    "total": 912635,
  },
  Object {
    "dividends": 395499,
    "grossIncome": 747875,
    "netIncome": 518156,
    "salaryAboveSevenG": true,
    "salaryBasis": 972700,
    "surplus": 740000,
    "total": 913655,
  },
  Object {
    "dividends": 400843,
    "grossIncome": 740206,
    "netIncome": 513831,
    "salaryAboveSevenG": true,
    "salaryBasis": 962700,
    "surplus": 750000,
    "total": 914674,
  },
  Object {
    "dividends": 406188,
    "grossIncome": 732538,
    "netIncome": 509506,
    "salaryAboveSevenG": true,
    "salaryBasis": 952700,
    "surplus": 760000,
    "total": 915694,
  },
  Object {
    "dividends": 411532,
    "grossIncome": 724869,
    "netIncome": 505180,
    "salaryAboveSevenG": true,
    "salaryBasis": 942700,
    "surplus": 770000,
    "total": 916712,
  },
  Object {
    "dividends": 416877,
    "grossIncome": 717201,
    "netIncome": 500856,
    "salaryAboveSevenG": true,
    "salaryBasis": 932700,
    "surplus": 780000,
    "total": 917733,
  },
  Object {
    "dividends": 422222,
    "grossIncome": 709532,
    "netIncome": 496531,
    "salaryAboveSevenG": true,
    "salaryBasis": 922700,
    "surplus": 790000,
    "total": 918753,
  },
  Object {
    "dividends": 427566,
    "grossIncome": 701864,
    "netIncome": 492207,
    "salaryAboveSevenG": true,
    "salaryBasis": 912700,
    "surplus": 800000,
    "total": 919773,
  },
  Object {
    "dividends": 432911,
    "grossIncome": 694195,
    "netIncome": 487881,
    "salaryAboveSevenG": true,
    "salaryBasis": 902700,
    "surplus": 810000,
    "total": 920792,
  },
  Object {
    "dividends": 438255,
    "grossIncome": 686526,
    "netIncome": 483554,
    "salaryAboveSevenG": false,
    "salaryBasis": 892700,
    "surplus": 820000,
    "total": 921809,
  },
  Object {
    "dividends": 443600,
    "grossIncome": 678857,
    "netIncome": 479229,
    "salaryAboveSevenG": false,
    "salaryBasis": 882700,
    "surplus": 830000,
    "total": 922829,
  },
  Object {
    "dividends": 448944,
    "grossIncome": 671188,
    "netIncome": 474904,
    "salaryAboveSevenG": false,
    "salaryBasis": 872700,
    "surplus": 840000,
    "total": 923848,
  },
  Object {
    "dividends": 454289,
    "grossIncome": 663519,
    "netIncome": 470579,
    "salaryAboveSevenG": false,
    "salaryBasis": 862700,
    "surplus": 850000,
    "total": 924868,
  },
  Object {
    "dividends": 459634,
    "grossIncome": 655850,
    "netIncome": 466254,
    "salaryAboveSevenG": false,
    "salaryBasis": 852700,
    "surplus": 860000,
    "total": 925888,
  },
  Object {
    "dividends": 464978,
    "grossIncome": 648182,
    "netIncome": 461929,
    "salaryAboveSevenG": false,
    "salaryBasis": 842700,
    "surplus": 870000,
    "total": 926907,
  },
  Object {
    "dividends": 470323,
    "grossIncome": 640513,
    "netIncome": 457603,
    "salaryAboveSevenG": false,
    "salaryBasis": 832700,
    "surplus": 880000,
    "total": 927926,
  },
  Object {
    "dividends": 475667,
    "grossIncome": 632845,
    "netIncome": 453279,
    "salaryAboveSevenG": false,
    "salaryBasis": 822700,
    "surplus": 890000,
    "total": 928946,
  },
  Object {
    "dividends": 481012,
    "grossIncome": 625175,
    "netIncome": 448953,
    "salaryAboveSevenG": false,
    "salaryBasis": 812700,
    "surplus": 900000,
    "total": 929965,
  },
  Object {
    "dividends": 486356,
    "grossIncome": 617507,
    "netIncome": 444629,
    "salaryAboveSevenG": false,
    "salaryBasis": 802700,
    "surplus": 910000,
    "total": 930985,
  },
  Object {
    "dividends": 491701,
    "grossIncome": 609838,
    "netIncome": 440304,
    "salaryAboveSevenG": false,
    "salaryBasis": 792700,
    "surplus": 920000,
    "total": 932005,
  },
  Object {
    "dividends": 497046,
    "grossIncome": 602170,
    "netIncome": 435979,
    "salaryAboveSevenG": false,
    "salaryBasis": 782700,
    "surplus": 930000,
    "total": 933025,
  },
  Object {
    "dividends": 502390,
    "grossIncome": 594500,
    "netIncome": 431328,
    "salaryAboveSevenG": false,
    "salaryBasis": 772700,
    "surplus": 940000,
    "total": 933718,
  },
  Object {
    "dividends": 507735,
    "grossIncome": 586832,
    "netIncome": 426306,
    "salaryAboveSevenG": false,
    "salaryBasis": 762700,
    "surplus": 950000,
    "total": 934041,
  },
  Object {
    "dividends": 513079,
    "grossIncome": 579163,
    "netIncome": 421283,
    "salaryAboveSevenG": false,
    "salaryBasis": 752700,
    "surplus": 960000,
    "total": 934362,
  },
  Object {
    "dividends": 518424,
    "grossIncome": 571495,
    "netIncome": 416260,
    "salaryAboveSevenG": false,
    "salaryBasis": 742700,
    "surplus": 970000,
    "total": 934684,
  },
  Object {
    "dividends": 523768,
    "grossIncome": 563826,
    "netIncome": 411237,
    "salaryAboveSevenG": false,
    "salaryBasis": 732700,
    "surplus": 980000,
    "total": 935005,
  },
  Object {
    "dividends": 529113,
    "grossIncome": 556157,
    "netIncome": 406214,
    "salaryAboveSevenG": false,
    "salaryBasis": 722700,
    "surplus": 990000,
    "total": 935327,
  },
  Object {
    "dividends": 534457,
    "grossIncome": 548488,
    "netIncome": 401190,
    "salaryAboveSevenG": false,
    "salaryBasis": 712700,
    "surplus": 1000000,
    "total": 935647,
  },
  Object {
    "dividends": 539802,
    "grossIncome": 540820,
    "netIncome": 396168,
    "salaryAboveSevenG": false,
    "salaryBasis": 702700,
    "surplus": 1010000,
    "total": 935970,
  },
  Object {
    "dividends": 545147,
    "grossIncome": 533151,
    "netIncome": 391145,
    "salaryAboveSevenG": false,
    "salaryBasis": 692700,
    "surplus": 1020000,
    "total": 936292,
  },
  Object {
    "dividends": 550491,
    "grossIncome": 525482,
    "netIncome": 386121,
    "salaryAboveSevenG": false,
    "salaryBasis": 682700,
    "surplus": 1030000,
    "total": 936612,
  },
  Object {
    "dividends": 555836,
    "grossIncome": 517813,
    "netIncome": 381098,
    "salaryAboveSevenG": false,
    "salaryBasis": 672700,
    "surplus": 1040000,
    "total": 936934,
  },
  Object {
    "dividends": 561180,
    "grossIncome": 510145,
    "netIncome": 376076,
    "salaryAboveSevenG": false,
    "salaryBasis": 662700,
    "surplus": 1050000,
    "total": 937256,
  },
  Object {
    "dividends": 566525,
    "grossIncome": 502476,
    "netIncome": 371052,
    "salaryAboveSevenG": false,
    "salaryBasis": 652700,
    "surplus": 1060000,
    "total": 937577,
  },
  Object {
    "dividends": 571869,
    "grossIncome": 494807,
    "netIncome": 366030,
    "salaryAboveSevenG": false,
    "salaryBasis": 642700,
    "surplus": 1070000,
    "total": 937899,
  },
  Object {
    "dividends": 577214,
    "grossIncome": 487138,
    "netIncome": 361007,
    "salaryAboveSevenG": false,
    "salaryBasis": 632700,
    "surplus": 1080000,
    "total": 938221,
  },
  Object {
    "dividends": 582559,
    "grossIncome": 479470,
    "netIncome": 355984,
    "salaryAboveSevenG": false,
    "salaryBasis": 622700,
    "surplus": 1090000,
    "total": 938543,
  },
  Object {
    "dividends": 587903,
    "grossIncome": 471801,
    "netIncome": 350961,
    "salaryAboveSevenG": false,
    "salaryBasis": 612700,
    "surplus": 1100000,
    "total": 938864,
  },
  Object {
    "dividends": 593248,
    "grossIncome": 464132,
    "netIncome": 345938,
    "salaryAboveSevenG": false,
    "salaryBasis": 602700,
    "surplus": 1110000,
    "total": 939186,
  },
  Object {
    "dividends": 598592,
    "grossIncome": 456463,
    "netIncome": 340915,
    "salaryAboveSevenG": false,
    "salaryBasis": 592700,
    "surplus": 1120000,
    "total": 939507,
  },
  Object {
    "dividends": 603937,
    "grossIncome": 448795,
    "netIncome": 335891,
    "salaryAboveSevenG": false,
    "salaryBasis": 582700,
    "surplus": 1130000,
    "total": 939828,
  },
  Object {
    "dividends": 609281,
    "grossIncome": 441126,
    "netIncome": 330868,
    "salaryAboveSevenG": false,
    "salaryBasis": 572700,
    "surplus": 1140000,
    "total": 940149,
  },
  Object {
    "dividends": 614626,
    "grossIncome": 433457,
    "netIncome": 325845,
    "salaryAboveSevenG": false,
    "salaryBasis": 562700,
    "surplus": 1150000,
    "total": 940471,
  },
  Object {
    "dividends": 619971,
    "grossIncome": 425788,
    "netIncome": 320822,
    "salaryAboveSevenG": false,
    "salaryBasis": 552700,
    "surplus": 1160000,
    "total": 940793,
  },
  Object {
    "dividends": 625315,
    "grossIncome": 418120,
    "netIncome": 315800,
    "salaryAboveSevenG": false,
    "salaryBasis": 542700,
    "surplus": 1170000,
    "total": 941115,
  },
  Object {
    "dividends": 630660,
    "grossIncome": 410451,
    "netIncome": 310777,
    "salaryAboveSevenG": false,
    "salaryBasis": 532700,
    "surplus": 1180000,
    "total": 941437,
  },
  Object {
    "dividends": 636004,
    "grossIncome": 402783,
    "netIncome": 305753,
    "salaryAboveSevenG": false,
    "salaryBasis": 522700,
    "surplus": 1190000,
    "total": 941757,
  },
  Object {
    "dividends": 641349,
    "grossIncome": 395114,
    "netIncome": 300730,
    "salaryAboveSevenG": false,
    "salaryBasis": 512700,
    "surplus": 1200000,
    "total": 942079,
  },
  Object {
    "dividends": 646693,
    "grossIncome": 387446,
    "netIncome": 295708,
    "salaryAboveSevenG": false,
    "salaryBasis": 502700,
    "surplus": 1210000,
    "total": 942401,
  },
  Object {
    "dividends": 652038,
    "grossIncome": 379777,
    "netIncome": 290686,
    "salaryAboveSevenG": false,
    "salaryBasis": 492700,
    "surplus": 1220000,
    "total": 942724,
  },
  Object {
    "dividends": 657383,
    "grossIncome": 372108,
    "netIncome": 285662,
    "salaryAboveSevenG": false,
    "salaryBasis": 482700,
    "surplus": 1230000,
    "total": 943045,
  },
  Object {
    "dividends": 662727,
    "grossIncome": 364439,
    "netIncome": 280639,
    "salaryAboveSevenG": false,
    "salaryBasis": 472700,
    "surplus": 1240000,
    "total": 943366,
  },
  Object {
    "dividends": 668072,
    "grossIncome": 356771,
    "netIncome": 275616,
    "salaryAboveSevenG": false,
    "salaryBasis": 462700,
    "surplus": 1250000,
    "total": 943688,
  },
  Object {
    "dividends": 673416,
    "grossIncome": 349102,
    "netIncome": 270593,
    "salaryAboveSevenG": false,
    "salaryBasis": 452700,
    "surplus": 1260000,
    "total": 944009,
  },
  Object {
    "dividends": 678761,
    "grossIncome": 341433,
    "netIncome": 265570,
    "salaryAboveSevenG": false,
    "salaryBasis": 442700,
    "surplus": 1270000,
    "total": 944331,
  },
  Object {
    "dividends": 684105,
    "grossIncome": 333764,
    "netIncome": 260547,
    "salaryAboveSevenG": false,
    "salaryBasis": 432700,
    "surplus": 1280000,
    "total": 944652,
  },
  Object {
    "dividends": 689450,
    "grossIncome": 326096,
    "netIncome": 255524,
    "salaryAboveSevenG": false,
    "salaryBasis": 422700,
    "surplus": 1290000,
    "total": 944974,
  },
  Object {
    "dividends": 694795,
    "grossIncome": 318427,
    "netIncome": 250500,
    "salaryAboveSevenG": false,
    "salaryBasis": 412700,
    "surplus": 1300000,
    "total": 945295,
  },
  Object {
    "dividends": 700139,
    "grossIncome": 310759,
    "netIncome": 245478,
    "salaryAboveSevenG": false,
    "salaryBasis": 402700,
    "surplus": 1310000,
    "total": 945617,
  },
  Object {
    "dividends": 705484,
    "grossIncome": 303089,
    "netIncome": 240454,
    "salaryAboveSevenG": false,
    "salaryBasis": 392700,
    "surplus": 1320000,
    "total": 945938,
  },
  Object {
    "dividends": 710828,
    "grossIncome": 295421,
    "netIncome": 235431,
    "salaryAboveSevenG": false,
    "salaryBasis": 382700,
    "surplus": 1330000,
    "total": 946259,
  },
  Object {
    "dividends": 716173,
    "grossIncome": 287752,
    "netIncome": 230408,
    "salaryAboveSevenG": false,
    "salaryBasis": 372700,
    "surplus": 1340000,
    "total": 946581,
  },
  Object {
    "dividends": 721517,
    "grossIncome": 280084,
    "netIncome": 225386,
    "salaryAboveSevenG": false,
    "salaryBasis": 362700,
    "surplus": 1350000,
    "total": 946903,
  },
  Object {
    "dividends": 726862,
    "grossIncome": 272414,
    "netIncome": 220363,
    "salaryAboveSevenG": false,
    "salaryBasis": 352700,
    "surplus": 1360000,
    "total": 947225,
  },
  Object {
    "dividends": 732207,
    "grossIncome": 264746,
    "netIncome": 215340,
    "salaryAboveSevenG": false,
    "salaryBasis": 342700,
    "surplus": 1370000,
    "total": 947547,
  },
  Object {
    "dividends": 737551,
    "grossIncome": 257077,
    "netIncome": 210317,
    "salaryAboveSevenG": false,
    "salaryBasis": 332700,
    "surplus": 1380000,
    "total": 947868,
  },
  Object {
    "dividends": 742896,
    "grossIncome": 249409,
    "netIncome": 205294,
    "salaryAboveSevenG": false,
    "salaryBasis": 322700,
    "surplus": 1390000,
    "total": 948190,
  },
  Object {
    "dividends": 748240,
    "grossIncome": 241739,
    "netIncome": 200270,
    "salaryAboveSevenG": false,
    "salaryBasis": 312700,
    "surplus": 1400000,
    "total": 948510,
  },
  Object {
    "dividends": 753585,
    "grossIncome": 234071,
    "netIncome": 195175,
    "salaryAboveSevenG": false,
    "salaryBasis": 302700,
    "surplus": 1410000,
    "total": 948760,
  },
  Object {
    "dividends": 758929,
    "grossIncome": 226402,
    "netIncome": 190006,
    "salaryAboveSevenG": false,
    "salaryBasis": 292700,
    "surplus": 1420000,
    "total": 948935,
  },
  Object {
    "dividends": 764274,
    "grossIncome": 218734,
    "netIncome": 184836,
    "salaryAboveSevenG": false,
    "salaryBasis": 282700,
    "surplus": 1430000,
    "total": 949110,
  },
  Object {
    "dividends": 769619,
    "grossIncome": 211064,
    "netIncome": 179062,
    "salaryAboveSevenG": false,
    "salaryBasis": 272700,
    "surplus": 1440000,
    "total": 948681,
  },
  Object {
    "dividends": 774963,
    "grossIncome": 203396,
    "netIncome": 173100,
    "salaryAboveSevenG": false,
    "salaryBasis": 262700,
    "surplus": 1450000,
    "total": 948063,
  },
  Object {
    "dividends": 780308,
    "grossIncome": 195727,
    "netIncome": 167137,
    "salaryAboveSevenG": false,
    "salaryBasis": 252700,
    "surplus": 1460000,
    "total": 947445,
  },
  Object {
    "dividends": 785652,
    "grossIncome": 188059,
    "netIncome": 161176,
    "salaryAboveSevenG": false,
    "salaryBasis": 242700,
    "surplus": 1470000,
    "total": 946828,
  },
  Object {
    "dividends": 790997,
    "grossIncome": 180389,
    "netIncome": 155213,
    "salaryAboveSevenG": false,
    "salaryBasis": 232700,
    "surplus": 1480000,
    "total": 946210,
  },
  Object {
    "dividends": 796341,
    "grossIncome": 172721,
    "netIncome": 149250,
    "salaryAboveSevenG": false,
    "salaryBasis": 222700,
    "surplus": 1490000,
    "total": 945591,
  },
  Object {
    "dividends": 801686,
    "grossIncome": 165052,
    "netIncome": 143232,
    "salaryAboveSevenG": false,
    "salaryBasis": 212700,
    "surplus": 1500000,
    "total": 944918,
  },
  Object {
    "dividends": 807031,
    "grossIncome": 157384,
    "netIncome": 137163,
    "salaryAboveSevenG": false,
    "salaryBasis": 202700,
    "surplus": 1510000,
    "total": 944194,
  },
  Object {
    "dividends": 812375,
    "grossIncome": 149714,
    "netIncome": 131092,
    "salaryAboveSevenG": false,
    "salaryBasis": 192700,
    "surplus": 1520000,
    "total": 943467,
  },
  Object {
    "dividends": 817720,
    "grossIncome": 142046,
    "netIncome": 125023,
    "salaryAboveSevenG": false,
    "salaryBasis": 182700,
    "surplus": 1530000,
    "total": 942743,
  },
  Object {
    "dividends": 823064,
    "grossIncome": 134377,
    "netIncome": 118953,
    "salaryAboveSevenG": false,
    "salaryBasis": 172700,
    "surplus": 1540000,
    "total": 942017,
  },
  Object {
    "dividends": 828409,
    "grossIncome": 126709,
    "netIncome": 112883,
    "salaryAboveSevenG": false,
    "salaryBasis": 162700,
    "surplus": 1550000,
    "total": 941292,
  },
  Object {
    "dividends": 833753,
    "grossIncome": 119040,
    "netIncome": 106813,
    "salaryAboveSevenG": false,
    "salaryBasis": 152700,
    "surplus": 1560000,
    "total": 940566,
  },
  Object {
    "dividends": 839098,
    "grossIncome": 111372,
    "netIncome": 100744,
    "salaryAboveSevenG": false,
    "salaryBasis": 142700,
    "surplus": 1570000,
    "total": 939842,
  },
  Object {
    "dividends": 844443,
    "grossIncome": 103703,
    "netIncome": 94674,
    "salaryAboveSevenG": false,
    "salaryBasis": 132700,
    "surplus": 1580000,
    "total": 939117,
  },
  Object {
    "dividends": 849787,
    "grossIncome": 96017,
    "netIncome": 88591,
    "salaryAboveSevenG": false,
    "salaryBasis": 122700,
    "surplus": 1590000,
    "total": 938378,
  },
  Object {
    "dividends": 855132,
    "grossIncome": 88192,
    "netIncome": 82398,
    "salaryAboveSevenG": false,
    "salaryBasis": 112700,
    "surplus": 1600000,
    "total": 937530,
  },
  Object {
    "dividends": 860476,
    "grossIncome": 80366,
    "netIncome": 76203,
    "salaryAboveSevenG": false,
    "salaryBasis": 102700,
    "surplus": 1610000,
    "total": 936679,
  },
  Object {
    "dividends": 865821,
    "grossIncome": 72541,
    "netIncome": 70009,
    "salaryAboveSevenG": false,
    "salaryBasis": 92700,
    "surplus": 1620000,
    "total": 935830,
  },
  Object {
    "dividends": 871165,
    "grossIncome": 64716,
    "netIncome": 63816,
    "salaryAboveSevenG": false,
    "salaryBasis": 82700,
    "surplus": 1630000,
    "total": 934981,
  },
  Object {
    "dividends": 876510,
    "grossIncome": 56891,
    "netIncome": 57622,
    "salaryAboveSevenG": false,
    "salaryBasis": 72700,
    "surplus": 1640000,
    "total": 934132,
  },
  Object {
    "dividends": 881855,
    "grossIncome": 49065,
    "netIncome": 51428,
    "salaryAboveSevenG": false,
    "salaryBasis": 62700,
    "surplus": 1650000,
    "total": 933283,
  },
  Object {
    "dividends": 887199,
    "grossIncome": 41240,
    "netIncome": 45235,
    "salaryAboveSevenG": false,
    "salaryBasis": 52700,
    "surplus": 1660000,
    "total": 932434,
  },
  Object {
    "dividends": 892544,
    "grossIncome": 33415,
    "netIncome": 39041,
    "salaryAboveSevenG": false,
    "salaryBasis": 42700,
    "surplus": 1670000,
    "total": 931585,
  },
  Object {
    "dividends": 897888,
    "grossIncome": 25590,
    "netIncome": 32848,
    "salaryAboveSevenG": false,
    "salaryBasis": 32700,
    "surplus": 1680000,
    "total": 930736,
  },
  Object {
    "dividends": 903233,
    "grossIncome": 17764,
    "netIncome": 26654,
    "salaryAboveSevenG": false,
    "salaryBasis": 22700,
    "surplus": 1690000,
    "total": 929887,
  },
  Object {
    "dividends": 908577,
    "grossIncome": 9939,
    "netIncome": 20461,
    "salaryAboveSevenG": false,
    "salaryBasis": 12700,
    "surplus": 1700000,
    "total": 929038,
  },
]
`;
